// Jest Snapshot v1, https://goo.gl/fbAQLP

exports[`should take a snapshot 1`] = `
<DocumentFragment>
  <h2>
    No data loaded !
  </h2>
</DocumentFragment>
`;
